2026-08-08 21:20:09,219 - __main__ - INFO - Starting ML model training pipeline...
2026-08-08 21:20:09,219 - __main__ - INFO - Loading and preparing data...
2026-08-08 21:20:09,256 - __main__ - INFO - Loaded 10000 historical records
2026-08-08 21:20:09,270 - __main__ - INFO - Engineered features. Shape: (10000, 67)
2026-08-08 21:20:09,270 - __main__ - INFO - 
==================================================
2026-08-08 21:20:09,270 - __main__ - INFO - Training Liquidation Prediction Model
2026-08-08 21:20:09,270 - __main__ - INFO - ==================================================
2026-08-08 21:20:09,337 - __main__ - INFO - Data split - Train: 7000, Val: 1000, Test: 2000
2026-08-08 21:20:09,338 - __main__ - INFO - Class distribution before balancing: {0: 6207, 1: 793}
2026-08-08 21:20:09,463 - __main__ - INFO - Class distribution after balancing: {0: 6207, 1: 6207}
2026-08-08 21:20:09,464 - __main__ - INFO - Found 63 numerical features to scale for liquidation
2026-08-08 21:20:09,632 - __main__ - INFO - Scaled 63 numerical features for liquidation
2026-08-08 21:20:09,637 - __main__ - INFO - Training liquidation prediction model...
2026-08-08 21:20:16,780 - __main__ - INFO - Liquidation model trained successfully
2026-08-08 21:20:16,816 - __main__ - INFO - Exported model to ./exported_models/liquidation_model.joblib
2026-08-08 21:20:16,816 - __main__ - INFO - Exported metadata to ./exported_models/liquidation_model_metadata.json
2026-08-08 21:20:16,833 - __main__ - INFO - Exported evaluation results to ./exported_models/liquidation_model_evaluation.json
2026-08-08 21:20:16,834 - __main__ - INFO - Liquidation Model Accuracy: 1.0000
2026-08-08 21:20:16,834 - __main__ - INFO - Liquidation model exported successfully
2026-08-08 21:20:16,834 - __main__ - INFO - 
==================================================
2026-08-08 21:20:16,834 - __main__ - INFO - Training Profitability Prediction Model
2026-08-08 21:20:16,834 - __main__ - INFO - ==================================================
2026-08-08 21:20:16,859 - __main__ - INFO - Data split - Train: 7000, Val: 1000, Test: 2000
2026-08-08 21:20:16,859 - __main__ - INFO - Found 67 numerical features to scale for profitability
2026-08-08 21:20:16,918 - __main__ - INFO - Scaled 67 numerical features for profitability
2026-08-08 21:20:16,920 - __main__ - INFO - Training profitability prediction model...
2026-08-08 21:20:34,951 - __main__ - INFO - Profitability model trained successfully
2026-08-08 21:22:32,694 - __main__ - INFO - Starting ML model training pipeline...
2026-08-08 21:22:32,695 - __main__ - INFO - Loading and preparing data...
2026-08-08 21:22:32,733 - __main__ - INFO - Loaded 10000 historical records
2026-08-08 21:22:32,747 - __main__ - INFO - Engineered features. Shape: (10000, 67)
2026-08-08 21:22:32,747 - __main__ - INFO - 
==================================================
2026-08-08 21:22:32,747 - __main__ - INFO - Training Liquidation Prediction Model
2026-08-08 21:22:32,748 - __main__ - INFO - ==================================================
2026-08-08 21:22:32,843 - __main__ - INFO - Data split - Train: 7000, Val: 1000, Test: 2000
2026-08-08 21:22:32,847 - __main__ - INFO - Found 63 numerical features to scale for liquidation
2026-08-08 21:22:32,942 - __main__ - INFO - Scaled 63 numerical features for liquidation
2026-08-08 21:22:32,944 - __main__ - INFO - Training liquidation prediction model...
2026-08-08 21:22:38,607 - __main__ - INFO - Liquidation model trained successfully
2026-08-08 21:22:38,641 - __main__ - INFO - Exported model to ./exported_models/liquidation_model.joblib
2026-08-08 21:22:38,642 - __main__ - INFO - Exported metadata to ./exported_models/liquidation_model_metadata.json
2026-08-08 21:22:38,659 - __main__ - INFO - Exported evaluation results to ./exported_models/liquidation_model_evaluation.json
2026-08-08 21:22:38,659 - __main__ - INFO - Liquidation Model Accuracy: 1.0000
2026-08-08 21:22:38,660 - __main__ - INFO - Liquidation model exported successfully
2026-08-08 21:22:38,660 - __main__ - INFO - 
==================================================
2026-08-08 21:22:38,661 - __main__ - INFO - Training Profitability Prediction Model
2026-08-08 21:22:38,661 - __main__ - INFO - ==================================================
2026-08-08 21:22:38,740 - __main__ - INFO - Data split - Train: 7000, Val: 1000, Test: 2000
2026-08-08 21:22:38,743 - __main__ - INFO - Found 63 numerical features to scale for profitability
2026-08-08 21:22:39,065 - __main__ - INFO - Scaled 63 numerical features for profitability
2026-08-08 21:22:39,104 - __main__ - INFO - Training profitability prediction model...
2026-08-08 21:22:54,381 - __main__ - INFO - Profitability model trained successfully
2026-08-08 21:22:54,398 - __main__ - INFO - Exported model to ./exported_models/profitability_model.joblib
2026-08-08 21:22:54,399 - __main__ - INFO - Exported metadata to ./exported_models/profitability_model_metadata.json
2026-08-08 21:22:54,406 - __main__ - INFO - Exported evaluation results to ./exported_models/profitability_model_evaluation.json
2026-08-08 21:22:54,406 - __main__ - INFO - Profitability Model R²: 0.9316
2026-08-08 21:22:54,406 - __main__ - INFO - Profitability Model RMSE: 28.5726
2026-08-08 21:22:54,407 - __main__ - INFO - Profitability model exported successfully
2026-08-08 21:22:54,407 - __main__ - INFO - 
==================================================
2026-08-08 21:22:54,407 - __main__ - INFO - Training Competition Prediction Model
2026-08-08 21:22:54,407 - __main__ - INFO - ==================================================
2026-08-08 21:22:54,538 - __main__ - INFO - Data split - Train: 7000, Val: 1000, Test: 2000
2026-08-08 21:22:54,539 - __main__ - INFO - Class distribution before balancing: {0: 4914, 1: 2086}
2026-08-08 21:22:54,579 - __main__ - INFO - Class distribution after balancing: {1: 4914, 0: 4914}
2026-08-08 21:22:54,582 - __main__ - INFO - Found 63 numerical features to scale for competition
2026-08-08 21:22:54,651 - __main__ - INFO - Scaled 63 numerical features for competition
2026-08-08 21:22:54,655 - __main__ - INFO - Training competition prediction model...
2026-08-08 21:22:57,139 - __main__ - INFO - Competition model trained successfully
2026-08-08 21:22:57,293 - __main__ - INFO - Exported model to ./exported_models/competition_model.joblib
2026-08-08 21:22:57,294 - __main__ - INFO - Exported metadata to ./exported_models/competition_model_metadata.json
2026-08-08 21:22:57,309 - __main__ - INFO - Exported evaluation results to ./exported_models/competition_model_evaluation.json
2026-08-08 21:22:57,309 - __main__ - INFO - Competition Model Accuracy: 0.9990
2026-08-08 21:22:57,309 - __main__ - INFO - Competition model exported successfully
2026-08-08 21:22:57,310 - __main__ - INFO - 
==================================================
2026-08-08 21:22:57,310 - __main__ - INFO - Training Pipeline Complete!
2026-08-08 21:22:57,310 - __main__ - INFO - ==================================================
2026-08-08 21:22:57,310 - __main__ - INFO - Models exported to ./exported_models/
2026-08-08 21:22:57,311 - __main__ - INFO - Ready for integration with TypeScript bot
